============================================================
 Full-stack MCP test  ÔÇö  stdin transport (Step 1)
============================================================
 Server: 127.0.0.1:3457
 Helpers: helper_KeyWin, helper_BrowserWin
 Session log: C:\Users\plachy\Documents\Dev\VSCplugins\AIAPI\test-sessions\2026-03-03_20-52-30_full-stack_1772571150917

ÔöÇÔöÇ KeyWin: LISTWINDOWS ÔöÇÔöÇ
  Ôťô  LISTWINDOWS
     20 windows

ÔöÇÔöÇ BrowserWin: LISTBROWSERS ÔöÇÔöÇ
  Ôťô  LISTBROWSERS
     4 browser window(s): chrome.exe:9222, msedge.exe:9223, brave.exe:9224, firefox.exe(UIA)
     process breakdown: chrome.exe├Ś8, msedge.exe├Ś9, brave.exe├Ś133, firefox.exe├Ś21

ÔöÇÔöÇ Calculator (KeyWin)  [SINGLE-SESSION] ÔöÇÔöÇ
   window_mode: single_session  |  teardown: leave_open
   ÔÖ╗  Reusing existing window: "Kalkula─Źka"
  Ôťô  QUERYTREE on calc
  Ôťô  RESET before first sequence (idempotent clean start)
  Ôťô  click 4
  Ôťô  click ├Ś
  Ôťô  click 8
  Ôťô  click =
  Ôťô  READ result 4├Ś8
     4 ├Ś 8 = "32"
  Ôťô  result verified: 32
  Ôťô  RESET calc (reuse same window ÔÇö single-session idempotency)
  Ôťô  click 7
  Ôťô  click +
  Ôťô  click 3
  Ôťô  click =
  Ôťô  READ result 7+3
     7 + 3 = "10"
  Ôťô  result verified: 10
  Ôťô  RESET calc (idempotency 2nd cycle)
  Ôťô  click 4 (2nd)
  Ôťô  click ├Ś (2nd)
  Ôťô  click 8 (2nd)
  Ôťô  click = (2nd)
  Ôťô  READ result 4├Ś8 (2nd cycle)
     4 ├Ś 8 again = "32"
  Ôťô  idempotency confirmed: same result on 2nd cycle
  ÔŐś  teardown: leave_open ÔÇö calc left open (RESET cleared state)

ÔöÇÔöÇ Notepad (KeyWin)  [MULTI-DOCUMENT] ÔöÇÔöÇ
   window_mode: multi_document  |  teardown: leave_open
   ÔÖ╗  Existing Notepad window: "Bez n├ízvu ÔÇô Pozn├ímkov├Ż blok" ÔÇö opening new document (NEWDOC)
  Ôťô  NEWDOC (Ctrl+N in existing Notepad)
     Targeting new doc by handle: HANDLE:6819340  title="Bez n├ízvu ÔÇô Pozn├ímkov├Ż blok"
  Ôťô  QUERYTREE on notepad
  Ôťô  READ new doc (should be blank)
  Ôťô  fresh blank document confirmed
  Ôťô  SENDKEYS line 1
  Ôťô  SENDKEYS line 2 (with ENTER)
  Ôťô  READ after typing
     text Ôćĺ "Hello from stdin transport!
Second line here."
  Ôťô  both lines present
  Ôťô  SENDKEYS {CTRL+A} (select all)
  Ôťô  SENDKEYS {CTRL+C} (copy to clipboard)
  Ôťô  SENDKEYS move to end + separator
  Ôťô  SENDKEYS {CTRL+V} (paste)
  Ôťô  READ after paste
     after paste Ôćĺ "Hello from stdin transport!
Second line here.
--- pasted ---
Hello from stdin transport!
Second line here."
  Ôťô  clipboard round-trip verified (2├Ś "stdin transport")
  Ôťô  SENDKEYS {CTRL+Z} (undo paste)
  ÔŐś  teardown: leave_open ÔÇö notepad left open with unsaved draft

ÔöÇÔöÇ Browsers (BrowserWin)  [MULTI-SESSION] ÔöÇÔöÇ
   window_mode: multi_session  |  teardown: leave_open
   Workflow: LISTBROWSERS Ôćĺ (NEWPAGE) Ôćĺ NAVIGATE Ôćĺ READ/QUERYTREE Ôćĺ interact

   subtest: LAUNCH command
  Ôťô  LAUNCH brave ÔÇö port=9222 reused=true headless=false
  Ôťô  LAUNCH msedge ÔÇö port=9222 reused=true headless=false
  Ôťô  LAUNCH chrome ÔÇö port=9222 reused=true headless=false
  Ôťô  LAUNCH firefox ÔÇö port=9222 reused=true headless=false
  Ôťô  LAUNCH unknown browser Ôćĺ launch_not_found (correct)

   subtest: LAUNCH idempotency (2nd call must reuse existing port)
  Ôťô  LAUNCH brave (2nd) Ôćĺ reused=true port=9222 (idempotent)
  Ôťô  LAUNCH msedge (2nd) Ôćĺ reused=true port=9222 (idempotent)
  Ôťô  LAUNCH chrome (2nd) Ôćĺ reused=true port=9222 (idempotent)
  Ôťô  LAUNCH firefox (2nd) Ôćĺ reused=true port=9222 (idempotent)
  Ôťô  Brave  :9222 NEWPAGE (CDP)
  Ôťô  Brave  :9222 NAVIGATE Ôćĺ https://example.com
  Ôťô  Brave  :9222 READ (page title)
     title: "Example Domain"   url: https://example.com/
  Ôťô  title verified
  Ôťô  Brave  :9222 QUERYTREE (CDP DOM)
     nodes: ~6
  Ôťô  tree received
  Ôťô  Brave  :9222 NAVIGATE Ôćĺ https://httpbin.org/forms/post (form page)
  Ôťô  Brave  :9222 READ (form page title)
     form page title: ""
  Ôťô  Brave  :9222 FILL fill name
  Ôťô  Brave  :9222 FILL fill phone
  Ôťô  Brave  :9222 FILL fill email
  Ôťô  Brave  :9222 FILL fill comments
  Ôťô  Brave  :9222 EXEC read-back custname
     custname field value: "MCP Test User"
  Ôťô  FILL+EXEC round-trip verified
  Ôťô  Brave  :9222 EXEC form submit
  Ôťô  Brave  :9222 READ (after submit)
     post-submit URL: https://httpbin.org/post
  Ôťô  form submit redirected
  Ôťô  Brave  :9222 SCREENSHOT (CDP Page.captureScreenshot)
     saved to: C:\Users\plachy\AppData\Local\Temp\aiapi_screenshot_20260303_215300.png  (56708 bytes)
  Ôťô  PNG header verified
  ÔŐś  teardown: leave_open ÔÇö tab left open
  Ôťô  Edge   :9222 NEWPAGE (CDP)
  Ôťô  Edge   :9222 NAVIGATE Ôćĺ https://example.com
  Ôťô  Edge   :9222 READ (page title)
     title: "Example Domain"   url: https://example.com/
  Ôťô  title verified
  Ôťô  Edge   :9222 QUERYTREE (CDP DOM)
     nodes: ~6
  Ôťô  tree received
  Ôťô  Edge   :9222 NAVIGATE Ôćĺ https://httpbin.org/forms/post (form page)
  Ôťô  Edge   :9222 READ (form page title)
     form page title: ""
  Ôťô  Edge   :9222 FILL fill name
  Ôťô  Edge   :9222 FILL fill phone
  Ôťô  Edge   :9222 FILL fill email
  Ôťô  Edge   :9222 FILL fill comments
  Ôťô  Edge   :9222 EXEC read-back custname
     custname field value: "MCP Test User"
  Ôťô  FILL+EXEC round-trip verified
  Ôťô  Edge   :9222 EXEC form submit
  Ôťô  Edge   :9222 READ (after submit)
     post-submit URL: https://httpbin.org/post
  Ôťô  form submit redirected
  Ôťô  Edge   :9222 SCREENSHOT (CDP Page.captureScreenshot)
     saved to: C:\Users\plachy\AppData\Local\Temp\aiapi_screenshot_20260303_215308.png  (56689 bytes)
  Ôťô  PNG header verified
  ÔŐś  teardown: leave_open ÔÇö tab left open
  Ôťô  Chrome :9222 NEWPAGE (CDP)
  Ôťô  Chrome :9222 NAVIGATE Ôćĺ https://example.com
  Ôťô  Chrome :9222 READ (page title)
     title: "Example Domain"   url: https://example.com/
  Ôťô  title verified
  Ôťô  Chrome :9222 QUERYTREE (CDP DOM)
     nodes: ~6
  Ôťô  tree received
  Ôťô  Chrome :9222 NAVIGATE Ôćĺ https://httpbin.org/forms/post (form page)
  Ôťô  Chrome :9222 READ (form page title)
     form page title: ""
  Ôťô  Chrome :9222 FILL fill name
  Ôťô  Chrome :9222 FILL fill phone
  Ôťô  Chrome :9222 FILL fill email
  Ôťô  Chrome :9222 FILL fill comments
  Ôťô  Chrome :9222 EXEC read-back custname
     custname field value: "MCP Test User"
  Ôťô  FILL+EXEC round-trip verified
  Ôťô  Chrome :9222 EXEC form submit
  Ôťô  Chrome :9222 READ (after submit)
     post-submit URL: https://httpbin.org/post
  Ôťô  form submit redirected
  Ôťô  Chrome :9222 SCREENSHOT (CDP Page.captureScreenshot)
     saved to: C:\Users\plachy\AppData\Local\Temp\aiapi_screenshot_20260303_215317.png  (56792 bytes)
  Ôťô  PNG header verified
  ÔŐś  teardown: leave_open ÔÇö tab left open
  Ôťô  Firefox:9222 NEWPAGE (CDP)
  Ôťô  Firefox:9222 NAVIGATE Ôćĺ https://example.com
  Ôťô  Firefox:9222 READ (page title)
     title: "Example Domain"   url: https://example.com/
  Ôťô  title verified
  Ôťô  Firefox:9222 QUERYTREE (CDP DOM)
     nodes: ~6
  Ôťô  tree received
  Ôťô  Firefox:9222 NAVIGATE Ôćĺ https://httpbin.org/forms/post (form page)
  Ôťô  Firefox:9222 READ (form page title)
     form page title: ""
  Ôťô  Firefox:9222 FILL fill name
  Ôťô  Firefox:9222 FILL fill phone
  Ôťô  Firefox:9222 FILL fill email
  Ôťô  Firefox:9222 FILL fill comments
  Ôťô  Firefox:9222 EXEC read-back custname
     custname field value: "MCP Test User"
  Ôťô  FILL+EXEC round-trip verified
  Ôťô  Firefox:9222 EXEC form submit
  Ôťô  Firefox:9222 READ (after submit)
     post-submit URL: https://httpbin.org/post
  Ôťô  form submit redirected
  Ôťô  Firefox:9222 SCREENSHOT (CDP Page.captureScreenshot)
     saved to: C:\Users\plachy\AppData\Local\Temp\aiapi_screenshot_20260303_215325.png  (56529 bytes)
  Ôťô  PNG header verified
  ÔŐś  teardown: leave_open ÔÇö tab left open

ÔöÇÔöÇ Browser DOM via KeyWin UIA (CDP-free) ÔöÇÔöÇ
     Found browser window (UIA): "httpbin.org/post ÔÇô Brave"
  Ôťô  KeyWin QUERYTREE on "httpbin.org/post ÔÇô Brave" (UIA ÔÇö CDP-free)
     UIA nodes: ~291  (HTML DOM via Windows accessibility ÔÇö no CDP needed)

 Session log written to: C:\Users\plachy\Documents\Dev\VSCplugins\AIAPI\test-sessions\2026-03-03_20-52-30_full-stack_1772571150917
   Commands: 101  |  Failed: 1  |  Duration: 55.8s

============================================================
 Results: 125 passed, 0 failed
============================================================
