============================================================
 Full-stack MCP test  ÔÇö  stdin transport (Step 1)
============================================================
 Server: 127.0.0.1:3457
 Helpers: helper_KeyWin, helper_BrowserWin

ÔöÇÔöÇ KeyWin: LISTWINDOWS ÔöÇÔöÇ
  Ôťô  LISTWINDOWS
     21 windows

ÔöÇÔöÇ BrowserWin: LISTBROWSERS ÔöÇÔöÇ
  Ôťô  LISTBROWSERS
     browsers: brave.exe, brave.exe, brave.exe, brave.exe, brave.exe, brave.exe, brave.exe, brave.exe, brave.exe, brave.exe, brave.exe, brave.exe, brave.exe, brave.exe, brave.exe, brave.exe, brave.exe, brave.exe, brave.exe, brave.exe, brave.exe, brave.exe, brave.exe, brave.exe, brave.exe, brave.exe, brave.exe, brave.exe, brave.exe, brave.exe, brave.exe, brave.exe, brave.exe, brave.exe, brave.exe, brave.exe, brave.exe, brave.exe, brave.exe, brave.exe, brave.exe, brave.exe, brave.exe, brave.exe, brave.exe, brave.exe, brave.exe, brave.exe, brave.exe, brave.exe, brave.exe, brave.exe, brave.exe, brave.exe, brave.exe, brave.exe

ÔöÇÔöÇ Calculator (KeyWin)  [SINGLE-SESSION] ÔöÇÔöÇ
   window_mode: single_session  |  teardown: leave_open
   ÔÖ╗  Reusing existing window: "Kalkula─Źka"
  Ôťô  QUERYTREE on calc
  Ôťô  click 4
  Ôťô  click ├Ś
  Ôťô  click 8
  Ôťô  click =
  Ôťô  READ result 4├Ś8
     4 ├Ś 8 = "32"
  Ôťô  RESET calc (AC/clear)
  Ôťô  click 7
  Ôťô  click +
  Ôťô  click 3
  Ôťô  click =
  Ôťô  READ result 7+3
     7 + 3 = "10"
  ÔŐś  teardown: leave_open ÔÇö calc left open (RESET cleared state)

ÔöÇÔöÇ Notepad (KeyWin)  [MULTI-DOCUMENT] ÔöÇÔöÇ
   window_mode: multi_document  |  teardown: leave_open
   ÔÖ╗  Existing Notepad window: "*Bez n├ízvu ÔÇô Pozn├ímkov├Ż blok" ÔÇö opening new document (NEWDOC)
  Ôťô  NEWDOC (Ctrl+N in existing Notepad)
     Targeting new doc by handle: HANDLE:6819340  title="Bez n├ízvu ÔÇô Pozn├ímkov├Ż blok"
  Ôťô  QUERYTREE on notepad
  Ôťô  SENDKEYS line 1
  Ôťô  SENDKEYS line 2 (with ENTER)
  Ôťô  READ after typing
     text Ôćĺ "
Second line here.Hello from stdin transport!"
  Ôťô  both lines present
  Ôťô  SENDKEYS {CTRL+A} (select all)
  Ôťô  SENDKEYS {CTRL+C} (copy to clipboard)
  Ôťô  SENDKEYS move to end + separator
  Ôťô  SENDKEYS {CTRL+V} (paste)
  Ôťô  READ after paste
     after paste Ôćĺ "
Second line here.Hello from stdin transport!
--- pasted ---

Second line here.Hello from stdin transport!"
  Ôťô  clipboard round-trip verified (2├Ś "stdin transport")
  Ôťô  SENDKEYS {CTRL+Z} (undo paste)
  ÔŐś  teardown: leave_open ÔÇö notepad left open with unsaved draft

ÔöÇÔöÇ Browsers (BrowserWin)  [MULTI-SESSION] ÔöÇÔöÇ
   window_mode: multi_session  |  teardown: leave_open
   Workflow: LISTBROWSERS Ôćĺ (NEWPAGE) Ôćĺ NAVIGATE Ôćĺ READ/QUERYTREE Ôćĺ interact
  Ôťô  Brave  :9222 NEWPAGE (UIA ÔÇö Ctrl+T)
  Ôťô  Brave  :9222 NAVIGATE Ôćĺ https://example.com (UIA ÔÇö Ctrl+L)
  Ôťô  Brave  :9222 READ (page title)
     UIA window title: "https://example.com/"
  Ôťô  title verified
  Ôťô  Brave  :9222 QUERYTREE (UIA accessibility tree)
     nodes: ~6
  Ôťô  tree received
  ÔŐś  Brave  :9222 FILL/EXEC ÔÇö not available in UIA mode (requires CDP debug port)
  ÔŐś  teardown: leave_open ÔÇö tab left open (UIA mode)
  ÔŐś  Edge   :9223 (not running) ÔÇö uia_no_window: Cannot find a msedge window. Either the browser is not running, or launch it with --remote-debugging-port=<port> to enable CDP mode.
  ÔŐś  Chrome :9224 (not running) ÔÇö uia_no_window: Cannot find a chrome window. Either the browser is not running, or launch it with --remote-debugging-port=<port> to enable CDP mode.
  ÔŐś  all browsers via UIA (no CDP debug port) ÔÇö start with --remote-debugging-port for full CDP test

ÔöÇÔöÇ Browser DOM via KeyWin UIA (CDP-free) ÔöÇÔöÇ
     Found browser window (UIA): "Example Domain ÔÇô Brave"
  Ôťô  KeyWin QUERYTREE on "Example Domain ÔÇô Brave" (UIA ÔÇö CDP-free)
     UIA nodes: ~10  (HTML DOM via Windows accessibility ÔÇö no CDP needed)

============================================================
 Results: 34 passed, 0 failed
============================================================
